To honour the JVM settings for this build a single-use Daemon process will be forked. For more on this, please refer to https://docs.gradle.org/8.13/userguide/gradle_daemon.html#sec:disabling_the_daemon in the Gradle documentation.
Daemon will be stopped at the end of the build 
> Task :gradle-plugin:settings-plugin:checkKotlinGradlePluginConfigurationErrors SKIPPED
> Task :gradle-plugin:shared:checkKotlinGradlePluginConfigurationErrors SKIPPED
> Task :gradle-plugin:shared:compileKotlin UP-TO-DATE
> Task :gradle-plugin:shared:compileJava NO-SOURCE
> Task :gradle-plugin:shared:processResources NO-SOURCE
> Task :gradle-plugin:shared:classes UP-TO-DATE
> Task :gradle-plugin:shared:jar UP-TO-DATE
> Task :gradle-plugin:settings-plugin:compileKotlin UP-TO-DATE
> Task :gradle-plugin:settings-plugin:compileJava NO-SOURCE
> Task :gradle-plugin:settings-plugin:pluginDescriptors UP-TO-DATE
> Task :gradle-plugin:settings-plugin:processResources UP-TO-DATE
> Task :gradle-plugin:settings-plugin:classes UP-TO-DATE
> Task :gradle-plugin:settings-plugin:jar UP-TO-DATE
> Task :gradle-plugin:react-native-gradle-plugin:checkKotlinGradlePluginConfigurationErrors SKIPPED
> Task :gradle-plugin:react-native-gradle-plugin:compileKotlin UP-TO-DATE
> Task :gradle-plugin:react-native-gradle-plugin:compileJava NO-SOURCE
> Task :gradle-plugin:react-native-gradle-plugin:pluginDescriptors UP-TO-DATE
> Task :gradle-plugin:react-native-gradle-plugin:processResources UP-TO-DATE
> Task :gradle-plugin:react-native-gradle-plugin:classes UP-TO-DATE
> Task :gradle-plugin:react-native-gradle-plugin:jar UP-TO-DATE

> Configure project :app
WARNING: [CXX5106] NDK was located by using ndk.dir property. This method is deprecated and will be removed in a future release. Please delete ndk.dir from local.properties and set android.ndkVersion to [27.1.12297006] in all native modules in the project. https://developer.android.com/r/studio-ui/ndk-dir
[CXX5106] NDK was located by using ndk.dir property. This method is deprecated and will be removed in a future release. Please delete ndk.dir from local.properties and set android.ndkVersion to [27.1.12297006] in all native modules in the project. https://developer.android.com/r/studio-ui/ndk-dir
WARNING: [CXX5106] NDK was located by using ndk.dir property. This method is deprecated and will be removed in a future release. Please delete ndk.dir from local.properties and set android.ndkVersion to [27.1.12297006] in all native modules in the project. https://developer.android.com/r/studio-ui/ndk-dir
[CXX5106] NDK was located by using ndk.dir property. This method is deprecated and will be removed in a future release. Please delete ndk.dir from local.properties and set android.ndkVersion to [27.1.12297006] in all native modules in the project. https://developer.android.com/r/studio-ui/ndk-dir
WARNING: [CXX5106] NDK was located by using ndk.dir property. This method is deprecated and will be removed in a future release. Please delete ndk.dir from local.properties and set android.ndkVersion to [27.1.12297006] in all native modules in the project. https://developer.android.com/r/studio-ui/ndk-dir
[CXX5106] NDK was located by using ndk.dir property. This method is deprecated and will be removed in a future release. Please delete ndk.dir from local.properties and set android.ndkVersion to [27.1.12297006] in all native modules in the project. https://developer.android.com/r/studio-ui/ndk-dir
WARNING: [CXX5106] NDK was located by using ndk.dir property. This method is deprecated and will be removed in a future release. Please delete ndk.dir from local.properties and set android.ndkVersion to [27.1.12297006] in all native modules in the project. https://developer.android.com/r/studio-ui/ndk-dir
[CXX5106] NDK was located by using ndk.dir property. This method is deprecated and will be removed in a future release. Please delete ndk.dir from local.properties and set android.ndkVersion to [27.1.12297006] in all native modules in the project. https://developer.android.com/r/studio-ui/ndk-dir
WARNING: [CXX5106] NDK was located by using ndk.dir property. This method is deprecated and will be removed in a future release. Please delete ndk.dir from local.properties and set android.ndkVersion to [27.1.12297006] in all native modules in the project. https://developer.android.com/r/studio-ui/ndk-dir
[CXX5106] NDK was located by using ndk.dir property. This method is deprecated and will be removed in a future release. Please delete ndk.dir from local.properties and set android.ndkVersion to [27.1.12297006] in all native modules in the project. https://developer.android.com/r/studio-ui/ndk-dir
WARNING: [CXX5106] NDK was located by using ndk.dir property. This method is deprecated and will be removed in a future release. Please delete ndk.dir from local.properties and set android.ndkVersion to [27.1.12297006] in all native modules in the project. https://developer.android.com/r/studio-ui/ndk-dir
[CXX5106] NDK was located by using ndk.dir property. This method is deprecated and will be removed in a future release. Please delete ndk.dir from local.properties and set android.ndkVersion to [27.1.12297006] in all native modules in the project. https://developer.android.com/r/studio-ui/ndk-dir
WARNING: [CXX5106] NDK was located by using ndk.dir property. This method is deprecated and will be removed in a future release. Please delete ndk.dir from local.properties and set android.ndkVersion to [27.1.12297006] in all native modules in the project. https://developer.android.com/r/studio-ui/ndk-dir
[CXX5106] NDK was located by using ndk.dir property. This method is deprecated and will be removed in a future release. Please delete ndk.dir from local.properties and set android.ndkVersion to [27.1.12297006] in all native modules in the project. https://developer.android.com/r/studio-ui/ndk-dir
WARNING: [CXX5106] NDK was located by using ndk.dir property. This method is deprecated and will be removed in a future release. Please delete ndk.dir from local.properties and set android.ndkVersion to [27.1.12297006] in all native modules in the project. https://developer.android.com/r/studio-ui/ndk-dir
[CXX5106] NDK was located by using ndk.dir property. This method is deprecated and will be removed in a future release. Please delete ndk.dir from local.properties and set android.ndkVersion to [27.1.12297006] in all native modules in the project. https://developer.android.com/r/studio-ui/ndk-dir
WARNING: [CXX5106] NDK was located by using ndk.dir property. This method is deprecated and will be removed in a future release. Please delete ndk.dir from local.properties and set android.ndkVersion to [27.1.12297006] in all native modules in the project. https://developer.android.com/r/studio-ui/ndk-dir
[CXX5106] NDK was located by using ndk.dir property. This method is deprecated and will be removed in a future release. Please delete ndk.dir from local.properties and set android.ndkVersion to [27.1.12297006] in all native modules in the project. https://developer.android.com/r/studio-ui/ndk-dir
WARNING: [CXX5106] NDK was located by using ndk.dir property. This method is deprecated and will be removed in a future release. Please delete ndk.dir from local.properties and set android.ndkVersion to [27.1.12297006] in all native modules in the project. https://developer.android.com/r/studio-ui/ndk-dir
[CXX5106] NDK was located by using ndk.dir property. This method is deprecated and will be removed in a future release. Please delete ndk.dir from local.properties and set android.ndkVersion to [27.1.12297006] in all native modules in the project. https://developer.android.com/r/studio-ui/ndk-dir
WARNING: [CXX5106] NDK was located by using ndk.dir property. This method is deprecated and will be removed in a future release. Please delete ndk.dir from local.properties and set android.ndkVersion to [27.1.12297006] in all native modules in the project. https://developer.android.com/r/studio-ui/ndk-dir
[CXX5106] NDK was located by using ndk.dir property. This method is deprecated and will be removed in a future release. Please delete ndk.dir from local.properties and set android.ndkVersion to [27.1.12297006] in all native modules in the project. https://developer.android.com/r/studio-ui/ndk-dir
WARNING: [CXX5106] NDK was located by using ndk.dir property. This method is deprecated and will be removed in a future release. Please delete ndk.dir from local.properties and set android.ndkVersion to [27.1.12297006] in all native modules in the project. https://developer.android.com/r/studio-ui/ndk-dir
[CXX5106] NDK was located by using ndk.dir property. This method is deprecated and will be removed in a future release. Please delete ndk.dir from local.properties and set android.ndkVersion to [27.1.12297006] in all native modules in the project. https://developer.android.com/r/studio-ui/ndk-dir
WARNING: [CXX5106] NDK was located by using ndk.dir property. This method is deprecated and will be removed in a future release. Please delete ndk.dir from local.properties and set android.ndkVersion to [27.1.12297006] in all native modules in the project. https://developer.android.com/r/studio-ui/ndk-dir
[CXX5106] NDK was located by using ndk.dir property. This method is deprecated and will be removed in a future release. Please delete ndk.dir from local.properties and set android.ndkVersion to [27.1.12297006] in all native modules in the project. https://developer.android.com/r/studio-ui/ndk-dir
WARNING: [CXX5106] NDK was located by using ndk.dir property. This method is deprecated and will be removed in a future release. Please delete ndk.dir from local.properties and set android.ndkVersion to [27.1.12297006] in all native modules in the project. https://developer.android.com/r/studio-ui/ndk-dir
[CXX5106] NDK was located by using ndk.dir property. This method is deprecated and will be removed in a future release. Please delete ndk.dir from local.properties and set android.ndkVersion to [27.1.12297006] in all native modules in the project. https://developer.android.com/r/studio-ui/ndk-dir
WARNING: [CXX5106] NDK was located by using ndk.dir property. This method is deprecated and will be removed in a future release. Please delete ndk.dir from local.properties and set android.ndkVersion to [27.1.12297006] in all native modules in the project. https://developer.android.com/r/studio-ui/ndk-dir
[CXX5106] NDK was located by using ndk.dir property. This method is deprecated and will be removed in a future release. Please delete ndk.dir from local.properties and set android.ndkVersion to [27.1.12297006] in all native modules in the project. https://developer.android.com/r/studio-ui/ndk-dir
WARNING: [CXX5106] NDK was located by using ndk.dir property. This method is deprecated and will be removed in a future release. Please delete ndk.dir from local.properties and set android.ndkVersion to [27.1.12297006] in all native modules in the project. https://developer.android.com/r/studio-ui/ndk-dir
[CXX5106] NDK was located by using ndk.dir property. This method is deprecated and will be removed in a future release. Please delete ndk.dir from local.properties and set android.ndkVersion to [27.1.12297006] in all native modules in the project. https://developer.android.com/r/studio-ui/ndk-dir
WARNING: [CXX5106] NDK was located by using ndk.dir property. This method is deprecated and will be removed in a future release. Please delete ndk.dir from local.properties and set android.ndkVersion to [27.1.12297006] in all native modules in the project. https://developer.android.com/r/studio-ui/ndk-dir
[CXX5106] NDK was located by using ndk.dir property. This method is deprecated and will be removed in a future release. Please delete ndk.dir from local.properties and set android.ndkVersion to [27.1.12297006] in all native modules in the project. https://developer.android.com/r/studio-ui/ndk-dir
WARNING: [CXX5106] NDK was located by using ndk.dir property. This method is deprecated and will be removed in a future release. Please delete ndk.dir from local.properties and set android.ndkVersion to [27.1.12297006] in all native modules in the project. https://developer.android.com/r/studio-ui/ndk-dir
[CXX5106] NDK was located by using ndk.dir property. This method is deprecated and will be removed in a future release. Please delete ndk.dir from local.properties and set android.ndkVersion to [27.1.12297006] in all native modules in the project. https://developer.android.com/r/studio-ui/ndk-dir
WARNING: [CXX5106] NDK was located by using ndk.dir property. This method is deprecated and will be removed in a future release. Please delete ndk.dir from local.properties and set android.ndkVersion to [27.1.12297006] in all native modules in the project. https://developer.android.com/r/studio-ui/ndk-dir
[CXX5106] NDK was located by using ndk.dir property. This method is deprecated and will be removed in a future release. Please delete ndk.dir from local.properties and set android.ndkVersion to [27.1.12297006] in all native modules in the project. https://developer.android.com/r/studio-ui/ndk-dir
gradlew.bat : Warning: SDK processing. This version only understands SDK XML versions up to 3 but an SDK XML file of 
version 4 was encountered. This can happen if you use versions of Android Studio and the command-line tools that were 
released at different times.
At line:10 char:1
+ & $gradlew "-p" $androidDir "clean" ":app:assembleRelease" "-PreactNa ...
+ ~~~~~~~~~~~~~~~~~~~~~~~~~~~~~~~~~~~~~~~~~~~~~~~~~~~~~~~~~~~~~~~~~~~~~
    + CategoryInfo          : NotSpecified: (Warning: SDK pr...ifferent times.:String) [], RemoteException
    + FullyQualifiedErrorId : NativeCommandError
 

> Task :app:externalNativeBuildCleanDebug
> Task :app:externalNativeBuildCleanDebugOptimized

> Task :app:externalNativeBuildCleanRelease
Clean react_codegen_safeareacontext-arm64-v8a, appmodules-arm64-v8a, react_codegen_RNKeychainSpec-arm64-v8a, react_codegen_rnsvg-arm64-v8a
Clean react_codegen_safeareacontext-armeabi-v7a, appmodules-armeabi-v7a, react_codegen_RNKeychainSpec-armeabi-v7a, react_codegen_rnsvg-armeabi-v7a
Clean react_codegen_safeareacontext-x86, appmodules-x86, react_codegen_RNKeychainSpec-x86, react_codegen_rnsvg-x86
Clean react_codegen_safeareacontext-x86_64, appmodules-x86_64, react_codegen_RNKeychainSpec-x86_64, react_codegen_rnsvg-x86_64

> Task :app:clean
> Task :react-native-keychain:clean
> Task :react-native-safe-area-context:clean
> Task :react-native-svg:clean
> Task :app:generateAutolinkingNewArchitectureFiles
> Task :app:generateAutolinkingPackageList
> Task :app:generateCodegenSchemaFromJavaScript SKIPPED
> Task :app:generateCodegenArtifactsFromSchema SKIPPED
> Task :app:generateReactNativeEntryPoint

> Task :react-native-keychain:generateCodegenSchemaFromJavaScript
No modules to process in combine-js-to-schema-cli. If this is unexpected, please check if you set up your 
NativeComponent correctly. See combine-js-to-schema.js for how codegen finds modules.

> Task :react-native-keychain:generateCodegenArtifactsFromSchema
> Task :react-native-keychain:preBuild
> Task :react-native-safe-area-context:generateCodegenSchemaFromJavaScript
> Task :react-native-safe-area-context:generateCodegenArtifactsFromSchema
> Task :react-native-safe-area-context:preBuild
> Task :react-native-svg:generateCodegenSchemaFromJavaScript
> Task :react-native-svg:generateCodegenArtifactsFromSchema
> Task :react-native-svg:preBuild
> Task :app:preBuild
> Task :app:preReleaseBuild
> Task :app:configureCMakeRelWithDebInfo[arm64-v8a]
> Task :app:buildCMakeRelWithDebInfo[arm64-v8a]
C/C++: Hard link from 'D:\coracure-patient-build\gradle-home\caches\8.13\transforms\acd32740cff2fbeb84c6eed051c3391e\transformed\react-android-0.84.1-release\prefab\modules\reactnative\libs\android.arm64-v8a\libreactnative.so' to 'C:\Users\lnc\New folder (3)\coracure-ui\apps\patient\android\app\build\intermediates\cxx\RelWithDebInfo\15y39703\obj\arm64-v8a\libreactnative.so' failed. Doing a slower copy instead.
C/C++: Hard link from 'D:\coracure-patient-build\gradle-home\caches\8.13\transforms\acd32740cff2fbeb84c6eed051c3391e\transformed\react-android-0.84.1-release\prefab\modules\reactnative\libs\android.arm64-v8a\libreactnative.so' to 'C:\Users\lnc\New folder (3)\coracure-ui\apps\patient\android\app\build\intermediates\cxx\RelWithDebInfo\15y39703\obj\arm64-v8a\libreactnative.so' failed. Doing a slower copy instead.

> Task :app:mergeReleaseJniLibFolders
> Task :react-native-keychain:preReleaseBuild
> Task :react-native-keychain:mergeReleaseJniLibFolders
> Task :react-native-keychain:mergeReleaseNativeLibs NO-SOURCE
> Task :react-native-safe-area-context:preReleaseBuild
> Task :react-native-keychain:copyReleaseJniLibsProjectOnly
> Task :react-native-safe-area-context:mergeReleaseJniLibFolders
> Task :react-native-safe-area-context:mergeReleaseNativeLibs NO-SOURCE
> Task :react-native-svg:preReleaseBuild
> Task :react-native-safe-area-context:copyReleaseJniLibsProjectOnly
> Task :react-native-svg:mergeReleaseJniLibFolders
> Task :react-native-svg:mergeReleaseNativeLibs NO-SOURCE
> Task :react-native-svg:copyReleaseJniLibsProjectOnly
> Task :react-native-safe-area-context:checkKotlinGradlePluginConfigurationErrors SKIPPED
> Task :react-native-safe-area-context:generateReleaseBuildConfig
> Task :react-native-safe-area-context:generateReleaseResValues
> Task :react-native-safe-area-context:generateReleaseResources
> Task :react-native-safe-area-context:packageReleaseResources
> Task :react-native-safe-area-context:parseReleaseLocalResources
> Task :app:mergeReleaseNativeLibs
> Task :react-native-safe-area-context:generateReleaseRFile

> Task :app:stripReleaseDebugSymbols
[CXX5106] NDK was located by using ndk.dir property. This method is deprecated and will be removed in a future release. Please delete ndk.dir from local.properties and set android.ndkVersion to [27.1.12297006] in all native modules in the project. https://developer.android.com/r/studio-ui/ndk-dir
[CXX5106] NDK was located by using ndk.dir property. This method is deprecated and will be removed in a future release. Please delete ndk.dir from local.properties and set android.ndkVersion to [27.1.12297006] in all native modules in the project. https://developer.android.com/r/studio-ui/ndk-dir
[CXX5106] NDK was located by using ndk.dir property. This method is deprecated and will be removed in a future release. Please delete ndk.dir from local.properties and set android.ndkVersion to [27.1.12297006] in all native modules in the project. https://developer.android.com/r/studio-ui/ndk-dir
[CXX5106] NDK was located by using ndk.dir property. This method is deprecated and will be removed in a future release. Please delete ndk.dir from local.properties and set android.ndkVersion to [27.1.12297006] in all native modules in the project. https://developer.android.com/r/studio-ui/ndk-dir
[CXX5106] NDK was located by using ndk.dir property. This method is deprecated and will be removed in a future release. Please delete ndk.dir from local.properties and set android.ndkVersion to [27.1.12297006] in all native modules in the project. https://developer.android.com/r/studio-ui/ndk-dir
[CXX5106] NDK was located by using ndk.dir property. This method is deprecated and will be removed in a future release. Please delete ndk.dir from local.properties and set android.ndkVersion to [27.1.12297006] in all native modules in the project. https://developer.android.com/r/studio-ui/ndk-dir
[CXX5106] NDK was located by using ndk.dir property. This method is deprecated and will be removed in a future release. Please delete ndk.dir from local.properties and set android.ndkVersion to [27.1.12297006] in all native modules in the project. https://developer.android.com/r/studio-ui/ndk-dir
[CXX5106] NDK was located by using ndk.dir property. This method is deprecated and will be removed in a future release. Please delete ndk.dir from local.properties and set android.ndkVersion to [27.1.12297006] in all native modules in the project. https://developer.android.com/r/studio-ui/ndk-dir
[CXX5106] NDK was located by using ndk.dir property. This method is deprecated and will be removed in a future release. Please delete ndk.dir from local.properties and set android.ndkVersion to [27.1.12297006] in all native modules in the project. https://developer.android.com/r/studio-ui/ndk-dir
[CXX5106] NDK was located by using ndk.dir property. This method is deprecated and will be removed in a future release. Please delete ndk.dir from local.properties and set android.ndkVersion to [27.1.12297006] in all native modules in the project. https://developer.android.com/r/studio-ui/ndk-dir
[CXX5106] NDK was located by using ndk.dir property. This method is deprecated and will be removed in a future release. Please delete ndk.dir from local.properties and set android.ndkVersion to [27.1.12297006] in all native modules in the project. https://developer.android.com/r/studio-ui/ndk-dir
[CXX5106] NDK was located by using ndk.dir property. This method is deprecated and will be removed in a future release. Please delete ndk.dir from local.properties and set android.ndkVersion to [27.1.12297006] in all native modules in the project. https://developer.android.com/r/studio-ui/ndk-dir
[CXX5106] NDK was located by using ndk.dir property. This method is deprecated and will be removed in a future release. Please delete ndk.dir from local.properties and set android.ndkVersion to [27.1.12297006] in all native modules in the project. https://developer.android.com/r/studio-ui/ndk-dir
[CXX5106] NDK was located by using ndk.dir property. This method is deprecated and will be removed in a future release. Please delete ndk.dir from local.properties and set android.ndkVersion to [27.1.12297006] in all native modules in the project. https://developer.android.com/r/studio-ui/ndk-dir
[CXX5106] NDK was located by using ndk.dir property. This method is deprecated and will be removed in a future release. Please delete ndk.dir from local.properties and set android.ndkVersion to [27.1.12297006] in all native modules in the project. https://developer.android.com/r/studio-ui/ndk-dir
[CXX5106] NDK was located by using ndk.dir property. This method is deprecated and will be removed in a future release. Please delete ndk.dir from local.properties and set android.ndkVersion to [27.1.12297006] in all native modules in the project. https://developer.android.com/r/studio-ui/ndk-dir
[CXX5106] NDK was located by using ndk.dir property. This method is deprecated and will be removed in a future release. Please delete ndk.dir from local.properties and set android.ndkVersion to [27.1.12297006] in all native modules in the project. https://developer.android.com/r/studio-ui/ndk-dir
[CXX5106] NDK was located by using ndk.dir property. This method is deprecated and will be removed in a future release. Please delete ndk.dir from local.properties and set android.ndkVersion to [27.1.12297006] in all native modules in the project. https://developer.android.com/r/studio-ui/ndk-dir
[CXX5106] NDK was located by using ndk.dir property. This method is deprecated and will be removed in a future release. Please delete ndk.dir from local.properties and set android.ndkVersion to [27.1.12297006] in all native modules in the project. https://developer.android.com/r/studio-ui/ndk-dir
[CXX5106] NDK was located by using ndk.dir property. This method is deprecated and will be removed in a future release. Please delete ndk.dir from local.properties and set android.ndkVersion to [27.1.12297006] in all native modules in the project. https://developer.android.com/r/studio-ui/ndk-dir
[CXX5106] NDK was located by using ndk.dir property. This method is deprecated and will be removed in a future release. Please delete ndk.dir from local.properties and set android.ndkVersion to [27.1.12297006] in all native modules in the project. https://developer.android.com/r/studio-ui/ndk-dir
[CXX5106] NDK was located by using ndk.dir property. This method is deprecated and will be removed in a future release. Please delete ndk.dir from local.properties and set android.ndkVersion to [27.1.12297006] in all native modules in the project. https://developer.android.com/r/studio-ui/ndk-dir
[CXX5106] NDK was located by using ndk.dir property. This method is deprecated and will be removed in a future release. Please delete ndk.dir from local.properties and set android.ndkVersion to [27.1.12297006] in all native modules in the project. https://developer.android.com/r/studio-ui/ndk-dir
[CXX5106] NDK was located by using ndk.dir property. This method is deprecated and will be removed in a future release. Please delete ndk.dir from local.properties and set android.ndkVersion to [27.1.12297006] in all native modules in the project. https://developer.android.com/r/studio-ui/ndk-dir
[CXX5106] NDK was located by using ndk.dir property. This method is deprecated and will be removed in a future release. Please delete ndk.dir from local.properties and set android.ndkVersion to [27.1.12297006] in all native modules in the project. https://developer.android.com/r/studio-ui/ndk-dir
[CXX5106] NDK was located by using ndk.dir property. This method is deprecated and will be removed in a future release. Please delete ndk.dir from local.properties and set android.ndkVersion to [27.1.12297006] in all native modules in the project. https://developer.android.com/r/studio-ui/ndk-dir
[CXX5106] NDK was located by using ndk.dir property. This method is deprecated and will be removed in a future release. Please delete ndk.dir from local.properties and set android.ndkVersion to [27.1.12297006] in all native modules in the project. https://developer.android.com/r/studio-ui/ndk-dir
[CXX5106] NDK was located by using ndk.dir property. This method is deprecated and will be removed in a future release. Please delete ndk.dir from local.properties and set android.ndkVersion to [27.1.12297006] in all native modules in the project. https://developer.android.com/r/studio-ui/ndk-dir
[CXX5106] NDK was located by using ndk.dir property. This method is deprecated and will be removed in a future release. Please delete ndk.dir from local.properties and set android.ndkVersion to [27.1.12297006] in all native modules in the project. https://developer.android.com/r/studio-ui/ndk-dir
[CXX5106] NDK was located by using ndk.dir property. This method is deprecated and will be removed in a future release. Please delete ndk.dir from local.properties and set android.ndkVersion to [27.1.12297006] in all native modules in the project. https://developer.android.com/r/studio-ui/ndk-dir
[CXX5106] NDK was located by using ndk.dir property. This method is deprecated and will be removed in a future release. Please delete ndk.dir from local.properties and set android.ndkVersion to [27.1.12297006] in all native modules in the project. https://developer.android.com/r/studio-ui/ndk-dir
[CXX5106] NDK was located by using ndk.dir property. This method is deprecated and will be removed in a future release. Please delete ndk.dir from local.properties and set android.ndkVersion to [27.1.12297006] in all native modules in the project. https://developer.android.com/r/studio-ui/ndk-dir
[CXX5106] NDK was located by using ndk.dir property. This method is deprecated and will be removed in a future release. Please delete ndk.dir from local.properties and set android.ndkVersion to [27.1.12297006] in all native modules in the project. https://developer.android.com/r/studio-ui/ndk-dir
[CXX5106] NDK was located by using ndk.dir property. This method is deprecated and will be removed in a future release. Please delete ndk.dir from local.properties and set android.ndkVersion to [27.1.12297006] in all native modules in the project. https://developer.android.com/r/studio-ui/ndk-dir
[CXX5106] NDK was located by using ndk.dir property. This method is deprecated and will be removed in a future release. Please delete ndk.dir from local.properties and set android.ndkVersion to [27.1.12297006] in all native modules in the project. https://developer.android.com/r/studio-ui/ndk-dir
[CXX5106] NDK was located by using ndk.dir property. This method is deprecated and will be removed in a future release. Please delete ndk.dir from local.properties and set android.ndkVersion to [27.1.12297006] in all native modules in the project. https://developer.android.com/r/studio-ui/ndk-dir
[CXX5106] NDK was located by using ndk.dir property. This method is deprecated and will be removed in a future release. Please delete ndk.dir from local.properties and set android.ndkVersion to [27.1.12297006] in all native modules in the project. https://developer.android.com/r/studio-ui/ndk-dir
[CXX5106] NDK was located by using ndk.dir property. This method is deprecated and will be removed in a future release. Please delete ndk.dir from local.properties and set android.ndkVersion to [27.1.12297006] in all native modules in the project. https://developer.android.com/r/studio-ui/ndk-dir
[CXX5106] NDK was located by using ndk.dir property. This method is deprecated and will be removed in a future release. Please delete ndk.dir from local.properties and set android.ndkVersion to [27.1.12297006] in all native modules in the project. https://developer.android.com/r/studio-ui/ndk-dir
[CXX5106] NDK was located by using ndk.dir property. This method is deprecated and will be removed in a future release. Please delete ndk.dir from local.properties and set android.ndkVersion to [27.1.12297006] in all native modules in the project. https://developer.android.com/r/studio-ui/ndk-dir
[CXX5106] NDK was located by using ndk.dir property. This method is deprecated and will be removed in a future release. Please delete ndk.dir from local.properties and set android.ndkVersion to [27.1.12297006] in all native modules in the project. https://developer.android.com/r/studio-ui/ndk-dir
[CXX5106] NDK was located by using ndk.dir property. This method is deprecated and will be removed in a future release. Please delete ndk.dir from local.properties and set android.ndkVersion to [27.1.12297006] in all native modules in the project. https://developer.android.com/r/studio-ui/ndk-dir
[CXX5106] NDK was located by using ndk.dir property. This method is deprecated and will be removed in a future release. Please delete ndk.dir from local.properties and set android.ndkVersion to [27.1.12297006] in all native modules in the project. https://developer.android.com/r/studio-ui/ndk-dir

> Task :app:extractReleaseNativeSymbolTables
[CXX5106] NDK was located by using ndk.dir property. This method is deprecated and will be removed in a future release. Please delete ndk.dir from local.properties and set android.ndkVersion to [27.1.12297006] in all native modules in the project. https://developer.android.com/r/studio-ui/ndk-dir

> Task :app:mergeReleaseNativeDebugMetadata
> Task :react-native-safe-area-context:javaPreCompileRelease
> Task :react-native-keychain:checkKotlinGradlePluginConfigurationErrors SKIPPED
> Task :react-native-keychain:generateReleaseBuildConfig
> Task :react-native-keychain:generateReleaseResValues
> Task :react-native-keychain:generateReleaseResources
> Task :react-native-keychain:packageReleaseResources
> Task :react-native-keychain:parseReleaseLocalResources
> Task :react-native-keychain:generateReleaseRFile
> Task :react-native-safe-area-context:compileReleaseKotlin
> Task :react-native-keychain:compileReleaseKotlin
w: file:///C:/Users/lnc/New%20folder%20(3)/coracure-ui/node_modules/react-native-keychain/android/src/main/java/com/oblador/keychain/KeychainPackage.kt:11:16 This declaration overrides a deprecated member but is not marked as deprecated itself. Add the '@Deprecated' annotation or suppress the diagnostic.
w: file:///C:/Users/lnc/New%20folder%20(3)/coracure-ui/node_modules/react-native-keychain/android/src/main/java/com/oblador/keychain/cipherStorage/CipherStorageBase.kt:256:40 'val isInsideSecureHardware: Boolean' is deprecated. Deprecated in Java.
w: file:///C:/Users/lnc/New%20folder%20(3)/coracure-ui/node_modules/react-native-keychain/android/src/main/java/com/oblador/keychain/cipherStorage/CipherStorageKeystoreAesGcm.kt:175:44 'fun setUserAuthenticationValidityDurationSeconds(p0: Int): KeyGenParameterSpec.Builder' is deprecated. Deprecated in Java.
w: file:///C:/Users/lnc/New%20folder%20(3)/coracure-ui/node_modules/react-native-keychain/android/src/main/java/com/oblador/keychain/cipherStorage/CipherStorageKeystoreRsaEcb.kt:200:40 'fun setUserAuthenticationValidityDurationSeconds(p0: Int): KeyGenParameterSpec.Builder' is deprecated. Deprecated in Java.

> Task :react-native-safe-area-context:compileReleaseKotlin
w: file:///C:/Users/lnc/New%20folder%20(3)/coracure-ui/node_modules/react-native-safe-area-context/android/src/main/java/com/th3rdwave/safeareacontext/SafeAreaView.kt:8:8 'class UIManagerModule : ReactContextBaseJavaModule, LifecycleEventListener, UIManager' is deprecated. Deprecated in Java.
w: file:///C:/Users/lnc/New%20folder%20(3)/coracure-ui/node_modules/react-native-safe-area-context/android/src/main/java/com/th3rdwave/safeareacontext/SafeAreaView.kt:46:54 'class UIManagerModule : ReactContextBaseJavaModule, LifecycleEventListener, UIManager' is deprecated. Deprecated in Java.
w: file:///C:/Users/lnc/New%20folder%20(3)/coracure-ui/node_modules/react-native-safe-area-context/android/src/main/java/com/th3rdwave/safeareacontext/SafeAreaViewShadowNode.kt:9:32 'class LayoutShadowNode : ReactShadowNodeImpl' is deprecated. Deprecated in Java.
w: file:///C:/Users/lnc/New%20folder%20(3)/coracure-ui/node_modules/react-native-safe-area-context/android/src/main/java/com/th3rdwave/safeareacontext/SafeAreaViewShadowNode.kt:110:61 'class NativeViewHierarchyOptimizer : Any' is deprecated. Deprecated in Java.

> Task :react-native-safe-area-context:compileReleaseJavaWithJavac
> Task :react-native-keychain:javaPreCompileRelease
> Task :react-native-safe-area-context:bundleLibRuntimeToDirRelease
> Task :react-native-keychain:compileReleaseJavaWithJavac
> Task :react-native-keychain:bundleLibRuntimeToDirRelease
> Task :react-native-svg:generateReleaseBuildConfig
> Task :react-native-svg:generateReleaseResValues
> Task :react-native-svg:generateReleaseResources
> Task :react-native-svg:packageReleaseResources
> Task :react-native-svg:parseReleaseLocalResources
> Task :react-native-svg:generateReleaseRFile
> Task :react-native-svg:javaPreCompileRelease

> Task :react-native-svg:compileReleaseJavaWithJavac
Note: Some input files use or override a deprecated API.
Note: Recompile with -Xlint:deprecation for details.
Note: Some input files use unchecked or unsafe operations.
Note: Recompile with -Xlint:unchecked for details.

> Task :react-native-svg:bundleLibRuntimeToDirRelease
> Task :app:checkReleaseDuplicateClasses
> Task :app:buildKotlinToolingMetadata
> Task :app:checkKotlinGradlePluginConfigurationErrors SKIPPED
> Task :app:generateReleaseBuildConfig
> Task :react-native-keychain:writeReleaseAarMetadata
> Task :react-native-safe-area-context:writeReleaseAarMetadata
> Task :react-native-svg:writeReleaseAarMetadata
> Task :app:checkReleaseAarMetadata

> Task :app:createBundleReleaseJsAndAssets

                        ▒▒▓▓▓▓▒▒
                     ▒▓▓▓▒▒░░▒▒▓▓▓▒
                  ▒▓▓▓▓░░░▒▒▒▒░░░▓▓▓▓▒
                 ▓▓▒▒▒▓▓▓▓▓▓▓▓▓▓▓▓▒▒▒▓▓
                 ▓▓░░░░░▒▓▓▓▓▓▓▒░░░░░▓▓
                 ▓▓░░▓▓▒░░░▒▒░░░▒▓▒░░▓▓
                 ▓▓░░▓▓▓▓▓▒▒▒▒▓▓▓▓▒░░▓▓
                 ▓▓░░▓▓▓▓▓▓▓▓▓▓▓▓▓▒░░▓▓
                 ▓▓▒░░▒▒▓▓▓▓▓▓▓▓▒░░░▒▓▓
                  ▒▓▓▓▒░░░▒▓▓▒░░░▒▓▓▓▒
                     ▒▓▓▓▒░░░░▒▓▓▓▒
                        ▒▒▓▓▓▓▒▒


 WARN  the transform cache was reset.
                Welcome to Metro v0.83.8
              Fast - Scalable - Integrated


transform[stderr]: (node:16072) Warning: The 'NO_COLOR' env is ignored due to the 'FORCE_COLOR' env being set.
transform[stderr]: (Use `node --trace-warnings ...` to show where the warning was created)
transform[stderr]: (node:8612) Warning: The 'NO_COLOR' env is ignored due to the 'FORCE_COLOR' env being set.
transform[stderr]: (Use `node --trace-warnings ...` to show where the warning was created)
transform[stderr]: (node:13444) Warning: The 'NO_COLOR' env is ignored due to the 'FORCE_COLOR' env being set.
transform[stderr]: (Use `node --trace-warnings ...` to show where the warning was created)
LOG:Writing bundle output to: android\app\build\generated\assets\react\release\index.android.bundle
LOG:Writing sourcemap output to: android\app\build\intermediates\sourcemaps\react\release\index.android.bundle.packager.map
LOG:Done writing bundle output
LOG:Done writing sourcemap output
Copying 9 asset files
Done copying assets

> Task :app:generateReleaseResValues
> Task :app:mapReleaseSourceSetPaths
> Task :app:generateReleaseResources
> Task :app:packageReleaseResources
> Task :app:parseReleaseLocalResources
> Task :app:createReleaseCompatibleScreenManifests
> Task :app:extractDeepLinksRelease
> Task :react-native-keychain:extractDeepLinksRelease

> Task :react-native-keychain:processReleaseManifest
package="com.oblador.keychain" found in source AndroidManifest.xml: C:\Users\lnc\New folder (3)\coracure-ui\node_modules\react-native-keychain\android\src\main\AndroidManifest.xml.
Setting the namespace via the package attribute in the source AndroidManifest.xml is no longer supported, and the value is ignored.
Recommendation: remove package="com.oblador.keychain" from the source AndroidManifest.xml: C:\Users\lnc\New folder (3)\coracure-ui\node_modules\react-native-keychain\android\src\main\AndroidManifest.xml.

> Task :react-native-safe-area-context:extractDeepLinksRelease

> Task :react-native-safe-area-context:processReleaseManifest
package="com.th3rdwave.safeareacontext" found in source AndroidManifest.xml: C:\Users\lnc\New folder (3)\coracure-ui\node_modules\react-native-safe-area-context\android\src\main\AndroidManifest.xml.
Setting the namespace via the package attribute in the source AndroidManifest.xml is no longer supported, and the value is ignored.
Recommendation: remove package="com.th3rdwave.safeareacontext" from the source AndroidManifest.xml: C:\Users\lnc\New folder (3)\coracure-ui\node_modules\react-native-safe-area-context\android\src\main\AndroidManifest.xml.

> Task :react-native-svg:extractDeepLinksRelease
> Task :react-native-svg:processReleaseManifest
> Task :app:processReleaseMainManifest
> Task :app:processReleaseManifest
> Task :app:processReleaseManifestForPackage
> Task :react-native-keychain:compileReleaseLibraryResources
> Task :react-native-safe-area-context:compileReleaseLibraryResources
> Task :react-native-svg:compileReleaseLibraryResources
> Task :react-native-keychain:bundleLibCompileToJarRelease
> Task :react-native-safe-area-context:bundleLibCompileToJarRelease
> Task :app:mergeReleaseResources
> Task :react-native-svg:bundleLibCompileToJarRelease
> Task :app:javaPreCompileRelease
> Task :app:desugarReleaseFileDependencies
> Task :app:mergeReleaseStartupProfile UP-TO-DATE
> Task :app:mergeExtDexRelease
> Task :react-native-keychain:prepareReleaseArtProfile UP-TO-DATE
> Task :react-native-safe-area-context:prepareReleaseArtProfile UP-TO-DATE
> Task :react-native-svg:prepareReleaseArtProfile UP-TO-DATE
> Task :app:mergeReleaseArtProfile
> Task :react-native-safe-area-context:bundleLibRuntimeToJarRelease
> Task :react-native-keychain:bundleLibRuntimeToJarRelease
> Task :react-native-svg:bundleLibRuntimeToJarRelease
> Task :app:processReleaseResources
> Task :app:mergeReleaseShaders
> Task :app:compileReleaseShaders NO-SOURCE
> Task :app:generateReleaseAssets UP-TO-DATE
> Task :react-native-keychain:mergeReleaseShaders
> Task :react-native-keychain:compileReleaseShaders NO-SOURCE
> Task :react-native-keychain:generateReleaseAssets UP-TO-DATE
> Task :react-native-keychain:mergeReleaseAssets
> Task :react-native-safe-area-context:mergeReleaseShaders
> Task :react-native-safe-area-context:compileReleaseShaders NO-SOURCE
> Task :react-native-safe-area-context:generateReleaseAssets UP-TO-DATE
> Task :react-native-safe-area-context:mergeReleaseAssets
> Task :react-native-svg:mergeReleaseShaders
> Task :react-native-svg:compileReleaseShaders NO-SOURCE
> Task :react-native-svg:generateReleaseAssets UP-TO-DATE
> Task :react-native-svg:mergeReleaseAssets
> Task :app:mergeReleaseAssets
> Task :app:compressReleaseAssets
> Task :app:extractReleaseVersionControlInfo
> Task :app:extractProguardFiles
> Task :react-native-keychain:processReleaseJavaRes
> Task :react-native-keychain:createFullJarRelease
> Task :react-native-keychain:extractProguardFiles
> Task :react-native-keychain:generateReleaseLintModel
> Task :react-native-keychain:prepareLintJarForPublish UP-TO-DATE
> Task :react-native-safe-area-context:processReleaseJavaRes
> Task :react-native-safe-area-context:createFullJarRelease
> Task :react-native-safe-area-context:extractProguardFiles
> Task :react-native-safe-area-context:generateReleaseLintModel
> Task :react-native-safe-area-context:prepareLintJarForPublish UP-TO-DATE
> Task :react-native-svg:processReleaseJavaRes NO-SOURCE
> Task :react-native-svg:createFullJarRelease
> Task :react-native-svg:extractProguardFiles
> Task :react-native-svg:generateReleaseLintModel
> Task :react-native-svg:prepareLintJarForPublish UP-TO-DATE
> Task :react-native-safe-area-context:stripReleaseDebugSymbols NO-SOURCE
> Task :react-native-safe-area-context:copyReleaseJniLibsProjectAndLocalJars
> Task :react-native-safe-area-context:extractDeepLinksForAarRelease UP-TO-DATE
> Task :react-native-safe-area-context:extractReleaseAnnotations
> Task :react-native-safe-area-context:mergeReleaseGeneratedProguardFiles UP-TO-DATE
> Task :react-native-safe-area-context:mergeReleaseConsumerProguardFiles UP-TO-DATE
> Task :react-native-safe-area-context:mergeReleaseJavaResource
> Task :react-native-safe-area-context:syncReleaseLibJars
> Task :react-native-safe-area-context:bundleReleaseLocalLintAar
> Task :react-native-keychain:stripReleaseDebugSymbols NO-SOURCE
> Task :react-native-keychain:copyReleaseJniLibsProjectAndLocalJars
> Task :react-native-keychain:extractDeepLinksForAarRelease UP-TO-DATE
> Task :react-native-keychain:extractReleaseAnnotations
> Task :react-native-keychain:mergeReleaseGeneratedProguardFiles UP-TO-DATE
> Task :react-native-keychain:mergeReleaseConsumerProguardFiles UP-TO-DATE
> Task :react-native-keychain:mergeReleaseJavaResource
> Task :react-native-keychain:syncReleaseLibJars
> Task :react-native-keychain:bundleReleaseLocalLintAar
> Task :react-native-svg:stripReleaseDebugSymbols NO-SOURCE
> Task :react-native-svg:copyReleaseJniLibsProjectAndLocalJars
> Task :react-native-svg:extractDeepLinksForAarRelease UP-TO-DATE
> Task :react-native-svg:extractReleaseAnnotations
> Task :react-native-svg:mergeReleaseGeneratedProguardFiles UP-TO-DATE
> Task :react-native-svg:mergeReleaseConsumerProguardFiles
> Task :react-native-svg:mergeReleaseJavaResource
> Task :react-native-svg:syncReleaseLibJars
> Task :react-native-svg:bundleReleaseLocalLintAar
> Task :app:compileReleaseKotlin
w: file:///C:/Users/lnc/New%20folder%20(3)/coracure-ui/apps/patient/android/app/src/main/java/com/patient/MainApplication.kt:7:8 'class ReactNativeHost : Any' is deprecated. Deprecated in Java.
w: file:///C:/Users/lnc/New%20folder%20(3)/coracure-ui/apps/patient/android/app/src/main/java/com/patient/MainApplication.kt:17:16 This declaration overrides a deprecated member but is not marked as deprecated itself. Add the '@Deprecated' annotation or suppress the diagnostic.
w: file:///C:/Users/lnc/New%20folder%20(3)/coracure-ui/apps/patient/android/app/src/main/java/com/patient/MainApplication.kt:17:33 'class ReactNativeHost : Any' is deprecated. Deprecated in Java.

> Task :app:compileReleaseJavaWithJavac
> Task :react-native-keychain:lintVitalAnalyzeRelease
> Task :app:dexBuilderRelease
> Task :app:mergeDexRelease
> Task :app:mergeReleaseGlobalSynthetics
> Task :app:compileReleaseArtProfile
> Task :app:generateReleaseLintVitalReportModel
> Task :react-native-keychain:writeReleaseLintModelMetadata
> Task :react-native-safe-area-context:lintVitalAnalyzeRelease
> Task :react-native-safe-area-context:writeReleaseLintModelMetadata
> Task :react-native-svg:lintVitalAnalyzeRelease
> Task :react-native-svg:writeReleaseLintModelMetadata
> Task :react-native-keychain:generateReleaseLintVitalModel
> Task :react-native-safe-area-context:generateReleaseLintVitalModel
> Task :react-native-svg:generateReleaseLintVitalModel
> Task :app:processReleaseJavaRes
> Task :app:mergeReleaseJavaResource
> Task :app:optimizeReleaseResources
> Task :app:collectReleaseDependencies
> Task :app:sdkReleaseDependencyData
> Task :app:validateSigningRelease
> Task :app:writeReleaseAppMetadata
> Task :app:writeReleaseSigningConfigVersions
The message received from the daemon indicates that the daemon has disappeared.
Build request sent: Build{id=ab83f043-e6ff-44fa-96e9-b4f67bf920f6, currentDir=C:\Users\lnc\New folder 
(3)\coracure-ui\apps\patient\android}
Attempting to read last messages from the daemon log...
Daemon pid: 12948
  log file: D:\coracure-patient-build\gradle-home\daemon\8.13\daemon-12948.out.log
----- Last 20 lines from daemon log file - daemon-12948.out.log -----
transform[stderr]: (Use `node --trace-warnings ...` to show where the warning was created)
transform[stderr]: (node:8612) Warning: The 'NO_COLOR' env is ignored due to the 'FORCE_COLOR' env being set.
transform[stderr]: (Use `node --trace-warnings ...` to show where the warning was created)
transform[stderr]: (node:13444) Warning: The 'NO_COLOR' env is ignored due to the 'FORCE_COLOR' env being set.
transform[stderr]: (Use `node --trace-warnings ...` to show where the warning was created)
LOG:Writing bundle output to: android\app\build\generated\assets\react\release\index.android.bundle
LOG:Writing sourcemap output to: 
android\app\build\intermediates\sourcemaps\react\release\index.android.bundle.packager.map
LOG:Done writing bundle output
LOG:Done writing sourcemap output
Copying 9 asset files
Done copying assets
package="com.oblador.keychain" found in source AndroidManifest.xml: C:\Users\lnc\New folder 
(3)\coracure-ui\node_modules\react-native-keychain\android\src\main\AndroidManifest.xml.
Setting the namespace via the package attribute in the source AndroidManifest.xml is no longer supported, and the 
value is ignored.
Recommendation: remove package="com.oblador.keychain" from the source AndroidManifest.xml: C:\Users\lnc\New folder 
(3)\coracure-ui\node_modules\react-native-keychain\android\src\main\AndroidManifest.xml.
package="com.th3rdwave.safeareacontext" found in source AndroidManifest.xml: C:\Users\lnc\New folder 
(3)\coracure-ui\node_modules\react-native-safe-area-context\android\src\main\AndroidManifest.xml.
Setting the namespace via the package attribute in the source AndroidManifest.xml is no longer supported, and the 
value is ignored.
Recommendation: remove package="com.th3rdwave.safeareacontext" from the source AndroidManifest.xml: C:\Users\lnc\New 
folder (3)\coracure-ui\node_modules\react-native-safe-area-context\android\src\main\AndroidManifest.xml.
w: file:///C:/Users/lnc/New%20folder%20(3)/coracure-ui/apps/patient/android/app/src/main/java/com/patient/MainApplicati
on.kt:7:8 'class ReactNativeHost : Any' is deprecated. Deprecated in Java.
w: file:///C:/Users/lnc/New%20folder%20(3)/coracure-ui/apps/patient/android/app/src/main/java/com/patient/MainApplicati
on.kt:17:16 This declaration overrides a deprecated member but is not marked as deprecated itself. Add the 
'@Deprecated' annotation or suppress the diagnostic.
w: file:///C:/Users/lnc/New%20folder%20(3)/coracure-ui/apps/patient/android/app/src/main/java/com/patient/MainApplicati
on.kt:17:33 'class ReactNativeHost : Any' is deprecated. Deprecated in Java.----- End of the daemon log -----

JVM crash log found: file:///C:/Users/lnc/New%20folder%20(3)/coracure-ui/apps/patient/android/hs_err_pid12948.log

FAILURE: Build failed with an exception.

* What went wrong:
Gradle build daemon disappeared unexpectedly (it may have been killed or may have crashed)

* Try:
> Run with --stacktrace option to get the stack trace.
> Run with --info or --debug option to get more log output.
> Run with --scan to get full insights.
> Get more help at https://help.gradle.org.
